#-----------------------------------------------------------
# Vivado v2019.1 (64-bit)
# SW Build 2552052 on Fri May 24 14:49:42 MDT 2019
# IP Build 2548770 on Fri May 24 18:01:18 MDT 2019
# Start of session at: Fri Dec 11 18:49:12 2020
# Process ID: 11132
# Current directory: C:/Users/llama/Desktop/Mates-Infor/Tercero/TOC/Práctica 4/En casa/multiplicador_algoritmico
# Command line: vivado.exe -gui_launcher_event rodinguilauncherevent9940 C:\Users\llama\Desktop\Mates-Infor\Tercero\TOC\Práctica 4\En casa\multiplicador_algoritmico\multiplicador_algoritmico.xpr
# Log file: C:/Users/llama/Desktop/Mates-Infor/Tercero/TOC/Práctica 4/En casa/multiplicador_algoritmico/vivado.log
# Journal file: C:/Users/llama/Desktop/Mates-Infor/Tercero/TOC/Práctica 4/En casa/multiplicador_algoritmico\vivado.jou
#-----------------------------------------------------------
start_gui
open_project {C:/Users/llama/Desktop/Mates-Infor/Tercero/TOC/Práctica 4/En casa/multiplicador_algoritmico/multiplicador_algoritmico.xpr}
update_compile_order -fileset sources_1
